[www.tegra.hu/themes/muvee/templates/blue/index.html]
[www.tegra.hu/themes/muvee/templates/blue/img/favicon.png]
[backblue.gif]
[fade.gif]
[index.html]
[www.tegra.hu/themes/muvee/templates/blue/css/bootstrap.css]
[www.tegra.hu/themes/muvee/templates/blue/css/screen.css]
[www.tegra.hu/themes/muvee/templates/blue/css/animation.css]
[www.tegra.hu/themes/muvee/templates/blue/css/font-awesome.css]
[www.tegra.hu/themes/muvee/templates/blue/css/lity.css]
[www.tegra.hu/themes/muvee/templates/blue/img/main-logo.png]
[www.tegra.hu/themes/muvee/templates/blue/img/banners/banner-sm.jpg]
[www.tegra.hu/themes/muvee/templates/blue/index2.html]
[www.tegra.hu/themes/muvee/templates/blue/index3.html]
[www.tegra.hu/themes/muvee/templates/blue/index4.html]
[www.tegra.hu/themes/muvee/templates/blue/index5.html]
[www.tegra.hu/themes/muvee/templates/blue/single-video.html]
[www.tegra.hu/themes/muvee/templates/blue/single-video-fullwidth.html]
[www.tegra.hu/themes/muvee/templates/blue/single-video-right-sidebar.html]
[www.tegra.hu/themes/muvee/templates/blue/single-video-no-sidebar.html]
[www.tegra.hu/themes/muvee/templates/blue/single-video-author-bio.html]
[www.tegra.hu/themes/muvee/templates/blue/single-post-fullwidth.html]
[www.tegra.hu/themes/muvee/templates/blue/single-page.html]
[www.tegra.hu/themes/muvee/templates/blue/single-page-with-img.html]
[www.tegra.hu/themes/muvee/templates/blue/review.html]
[www.tegra.hu/themes/muvee/templates/blue/carousels.html]
[www.tegra.hu/themes/muvee/templates/blue/author.html]
[www.tegra.hu/themes/muvee/templates/blue/login.html]
[www.tegra.hu/themes/muvee/templates/blue/contact.html]
[www.tegra.hu/themes/muvee/templates/blue/search.html]
[www.tegra.hu/themes/muvee/templates/blue/404.html]
[www.tegra.hu/themes/muvee/templates/blue/category.html]
[www.tegra.hu/themes/muvee/templates/blue/category2.html]
[www.tegra.hu/themes/muvee/templates/blue/category3.html]
[www.tegra.hu/themes/muvee/templates/blue/gallery-video-boxed.html]
[www.tegra.hu/themes/muvee/templates/blue/gallery-video-fullwidth.html]
[www.tegra.hu/themes/muvee/templates/blue/img/thumbs/thumb-s.jpg]
[www.tegra.hu/themes/muvee/templates/blue/img/thumbs/thumb-s2.jpg]
[www.tegra.hu/themes/muvee/templates/blue/img/thumbs/thumb-s3.jpg]
[www.tegra.hu/themes/muvee/templates/blue/img/thumbs/thumb-s4.jpg]
[www.tegra.hu/themes/muvee/templates/blue/img/thumbs/thumb-s5.jpg]
[www.tegra.hu/themes/muvee/templates/blue/img/thumbs/thumb-s6.jpg]
[www.tegra.hu/themes/muvee/templates/blue/img/thumbs/thumb-s7.jpg]
[www.tegra.hu/themes/muvee/templates/blue/img/thumbs/thumb-s8.jpg]
[www.tegra.hu/themes/muvee/templates/blue/img/banners/banner-l.jpg]
[www.tegra.hu/themes/muvee/templates/blue/img/thumbs/thumb-tab.jpg]
[www.tegra.hu/themes/muvee/templates/blue/img/thumbs/thumb-tab2.jpg]
[www.tegra.hu/themes/muvee/templates/blue/img/thumbs/thumb-tab3.jpg]
[www.tegra.hu/themes/muvee/templates/blue/img/thumbs/thumb-tab4.jpg]
[www.tegra.hu/themes/muvee/templates/blue/img/thumbs/thumb-tab5.jpg]
[www.tegra.hu/themes/muvee/templates/blue/img/thumbs/thumb-tab6.jpg]
[www.tegra.hu/themes/muvee/templates/blue/img/thumbs/thumb-review7.jpg]
[www.tegra.hu/themes/muvee/templates/blue/img/thumbs/editors-large.jpg]
[www.tegra.hu/themes/muvee/templates/blue/img/banners/banner-xl.jpg]
[www.tegra.hu/themes/muvee/templates/blue/img/thumbs/thumb-review.jpg]
[www.tegra.hu/themes/muvee/templates/blue/img/thumbs/thumb-review2.jpg]
[www.tegra.hu/themes/muvee/templates/blue/img/thumbs/thumb-review3.jpg]
[www.tegra.hu/themes/muvee/templates/blue/img/thumbs/thumb-review4.jpg]
[www.tegra.hu/themes/muvee/templates/blue/img/thumbs/thumb-review5.jpg]
[www.tegra.hu/themes/muvee/templates/blue/img/thumbs/thumb-review6.jpg]
[www.tegra.hu/themes/muvee/templates/blue/img/channels/ch-1.jpg]
[www.tegra.hu/themes/muvee/templates/blue/img/footer-logo.png]
[ajax.googleapis.com/ajax/libs/jquery/1.12.4/jquery.min.js]
[maxcdn.bootstrapcdn.com/bootstrap/3.3.7/js/bootstrap.min.js]
[www.tegra.hu/themes/muvee/templates/blue/index.html]
[www.tegra.hu/themes/muvee/templates/blue/js/lity.js]
[www.tegra.hu/themes/muvee/templates/blue/css/bootstrap.css]
[www.tegra.hu/themes/muvee/templates/blue/font/fontawesome-webfont3294.eot]
[www.tegra.hu/themes/muvee/templates/blue/font/fontawesome-webfontd41d.eot]
[www.tegra.hu/themes/muvee/templates/blue/font/fontawesome-webfont3294.woff]
[www.tegra.hu/themes/muvee/templates/blue/font/fontawesome-webfont3294.ttf]
[www.tegra.hu/themes/muvee/templates/blue/img/backgrounds/blue-background-img.jpg]
[www.tegra.hu/themes/muvee/templates/blue/img/backgrounds/bottom-bg-img.png]
[www.tegra.hu/themes/muvee/templates/blue/img/backgrounds/review-background-img.jpg]
[www.tegra.hu/themes/muvee/templates/blue/img/search-icon.png]
[www.tegra.hu/themes/muvee/templates/blue/css/screen.css]
[www.tegra.hu/themes/muvee/templates/blue/css/animation.css]
[www.tegra.hu/themes/muvee/templates/blue/font/fontawesome-webfont5b62.eot]
[www.tegra.hu/themes/muvee/templates/blue/font/fontawesome-webfont5b62.woff]
[www.tegra.hu/themes/muvee/templates/blue/font/fontawesome-webfont5b62.ttf]
[www.tegra.hu/themes/muvee/templates/blue/css/font-awesome.css]
[www.tegra.hu/themes/muvee/templates/blue/css/lity.css]
[www.tegra.hu/themes/muvee/templates/blue/index2.html]
[www.tegra.hu/themes/muvee/templates/blue/index3.html]
[www.tegra.hu/themes/muvee/templates/blue/index4.html]
[www.tegra.hu/themes/muvee/templates/blue/index5.html]
[www.tegra.hu/themes/muvee/templates/blue/img/banners/banner-400x400.jpg]
[www.tegra.hu/themes/muvee/templates/blue/single-video.html]
[www.tegra.hu/themes/muvee/templates/blue/single-video-fullwidth.html]
[www.tegra.hu/themes/muvee/templates/blue/single-video-right-sidebar.html]
[www.tegra.hu/themes/muvee/templates/blue/single-video-no-sidebar.html]
[www.tegra.hu/themes/muvee/templates/blue/single-video-author-bio.html]
[www.tegra.hu/themes/muvee/templates/blue/img/thumbs/page-img-thumb.jpg]
[www.tegra.hu/themes/muvee/templates/blue/single-post-fullwidth.html]
[www.tegra.hu/themes/muvee/templates/blue/img/thumbs/page-img.jpg]
[www.tegra.hu/themes/muvee/templates/blue/single-page.html]
[www.tegra.hu/themes/muvee/templates/blue/single-page-with-img.html]
[www.tegra.hu/themes/muvee/templates/blue/img/thumbs/review-thumb-large.jpg]
[www.tegra.hu/themes/muvee/templates/blue/img/thumbs/review-sthumb1.jpg]
[www.tegra.hu/themes/muvee/templates/blue/img/thumbs/review-sthumb2.jpg]
[www.tegra.hu/themes/muvee/templates/blue/img/thumbs/review-sthumb3.jpg]
[www.tegra.hu/themes/muvee/templates/blue/img/thumbs/review-sthumb4.jpg]
[www.tegra.hu/themes/muvee/templates/blue/review.html]
[www.tegra.hu/themes/muvee/templates/blue/carousels.html]
[www.tegra.hu/themes/muvee/templates/blue/author.html]
[www.tegra.hu/themes/muvee/templates/blue/login.html]
[www.tegra.hu/themes/muvee/templates/blue/contact.html]
[www.tegra.hu/themes/muvee/templates/blue/search.html]
[www.tegra.hu/themes/muvee/templates/blue/img/thumbs/404.jpg]
[www.tegra.hu/themes/muvee/templates/blue/404.html]
[www.tegra.hu/themes/muvee/templates/blue/category.html]
[www.tegra.hu/themes/muvee/templates/blue/category2.html]
[www.tegra.hu/themes/muvee/templates/blue/category3.html]
[www.tegra.hu/themes/muvee/templates/blue/gallery-video-boxed.html]
[www.tegra.hu/themes/muvee/templates/blue/gallery-video-fullwidth.html]
[www.tegra.hu/themes/muvee/templates/blue/fonts/glyphicons-halflings-regular.html]
[www.tegra.hu/themes/muvee/templates/blue/fonts/glyphicons-halflings-regulard41d.html]
[www.tegra.hu/themes/muvee/templates/blue/fonts/glyphicons-halflings-regular-2.html]
[www.tegra.hu/themes/muvee/templates/blue/fonts/glyphicons-halflings-regular-3.html]
[www.tegra.hu/themes/muvee/templates/blue/fonts/glyphicons-halflings-regular-4.html]
[www.tegra.hu/themes/muvee/templates/blue/fonts/glyphicons-halflings-regular-5.html]
[www.tegra.hu/themes/muvee/templates/blue/font/fontawesome-webfont5b62.html]
[www.tegra.hu/themes/muvee/templates/blue/font/fontawesome-webfont5b62.svg]
